// Jest Snapshot v1, https://goo.gl/fbAQLP

exports[`Nav Component snapshot test 1`] = `
<div
  className="nav openNav"
>
  <ul
    className="navList"
  >
    <li
      className="navItem"
    >
      <button
        className="navName"
        onClick={[Function]}
        type="button"
      >
        WOMEN
      </button>
      <span
        className="navPopup"
      >
        <Link
          href="/collection/women/clothes"
        >
          <a
            className="popupItems"
          >
            Clothes
          </a>
        </Link>
        <Link
          href="/collection/women/accessories"
        >
          <a
            className="popupItems"
          >
            Accessories
          </a>
        </Link>
      </span>
    </li>
    <li
      className="navItem"
    >
      <button
        className="navName"
        onClick={[Function]}
        type="button"
      >
        MEN
      </button>
      <span
        className="navPopup"
      >
        <Link
          href="/collection/men/clothes"
        >
          <a
            className="popupItems"
          >
            Clothes
          </a>
        </Link>
        <Link
          href="/collection/men/accessories"
        >
          <a
            className="popupItems"
          >
            Accessories
          </a>
        </Link>
      </span>
    </li>
    <li
      className="navItem"
    >
      <Link
        href="/collection/kids/clothes"
      >
        <a
          className="items"
        >
          KIDS
        </a>
      </Link>
    </li>
    <li
      className="navItem"
    >
      <Link
        href="/"
      >
        <a
          className="items"
        >
          CONTACT
        </a>
      </Link>
    </li>
  </ul>
</div>
`;
